sp_id,gq_type,persons,stcotrbg,latitude,longitude
