sp_id,sp_hh_id,serialno,stcotrbg,age,sex,race,sporder,relate,sp_school_id,sp_work_id
4620440.00-1-1,4620440.00-1,14331,4620440.00,40,1,,1,,,
4620440.00-1-2,4620440.00-1,14331,4620440.00,35,2,,2,,,
