original_id,shortened_id
ra-10,pbWv++gBhHJ1VMYerCrTgOgfo1M=
