sp_id,serialno,stcotrbg,hh_race,hh_income,hh_size,hh_age,latitude,longitude
ra-1,637000,ra,,1,5,99,-17.3933839783911,178.211678208045
ra-2,521000,ra,1,2,2,63,-17.403347871224,178.091764487499
ra-3,282000,ra,2,3,7,51,-17.5044668768831,177.967933915343
ra-4,700000,ra,3,0,4,43,-17.5948346418935,178.082284422491
ra-6,654000,ra,6,0,10,42,-17.6567689830433,178.407645453399
ra-7,672000,ra,6,0,4,66,-17.4336921234065,178.123102793617
ra-8,439000,ra,8,0,5,32,-17.4223704891545,178.139298748884
ra-9,199000,ra,9,0,4,39,-17.652379733885,178.414815754635
ra-10,316000,ra,9,0,5,40,-17.4629829249786,178.30306656391
