original_id,shortened_id
ra-10-44,Xyb7FxRFJkjnlN6sfE/dWhxc244=
ra-10-45,Iw3FmuCIK516HgccnQ3QD9WzW7s=
ra-10-46,w4H/FYINLbG+JRpOWNm/F3VzZCs=
ra-10-47,acljbiNOALWf7aJvjfrImTcYIZ4=
ra-10-48,hR3h4BNCoUrrnofSEdEVUV8jUX0=
