sp_id,gq_type,persons,stcotrbg,latitude,longitude
01077010100-2,,1,01077010100,34.7845633908403,-87.6719194168613
01077010100-3,,1,01077010100,34.7838257731351,-87.6718775200463
