sp_id,sp_gq_id,sporder,age,sex
01077010100-2-2,01077010100-2,1,24,1
01077010100-3-3,01077010100-3,1,18,1
